[2026-09-24 11:10:57] waiting for the training queue to reach a terminal state
[2026-09-25 23:35:04] waiting for the training queue to reach a terminal state
[2026-09-26 03:49:39] waiting for the training queue to reach a terminal state
[2026-09-26 03:51:25] waiting for the training queue to reach a terminal state
[2026-09-26 07:47:02] waiting for the training queue to reach a terminal state
[2026-09-26 13:32:03] training queue reached a terminal state
[2026-09-26 13:32:03] 1/4 extracting student weights
[2026-09-26 13:33:04]     armB0_s1  177M
[2026-09-26 13:34:09]     armB0_s2  177M
[2026-09-26 13:35:16]     armB0_s3  177M
[2026-09-26 13:36:23]     armB0_noKL_s1  177M
[2026-09-26 13:37:28]     armB0_noKL_s2  177M
[2026-09-26 13:38:29]     armB0_noKL_s3  177M
[2026-09-26 13:39:31]     armRprime_noKL_s1  177M
[2026-09-26 13:39:31] 2/4 caching predictions (GPU, serial)
[2026-09-26 13:54:28]     seq07 pass1 done (8 caches)
[2026-09-26 14:10:00]     seq07 pass2 done (8 caches)
[2026-09-26 14:30:54]     seq09 pass1 done (8 caches)
[2026-09-26 14:51:43]     seq09 pass2 done (8 caches)
[2026-09-26 14:51:43] 3/4 map-level replay (CPU, 2-way)
done armB0_noKL_s1_07_r1 rc=0
done armB0_noKL_s1_07_r2 rc=0
done armB0_noKL_s2_07_r2 rc=0
done armB0_noKL_s2_07_r1 rc=0
done armB0_noKL_s3_07_r1 rc=0
done armB0_noKL_s3_07_r2 rc=0
done armB0_s1_07_r2 rc=0
done armB0_s1_07_r1 rc=0
done armB0_s2_07_r1 rc=0
done armB0_s2_07_r2 rc=0
done armB0_s3_07_r1 rc=0
done armB0_s3_07_r2 rc=0
done armRprime_noKL_s1_07_r1 rc=0
done armRprime_noKL_s1_07_r2 rc=0
done ZS_07_r1 rc=0
done ZS_07_r2 rc=0
done armB0_noKL_s1_09_r2 rc=0
done armB0_noKL_s1_09_r1 rc=0
done armB0_noKL_s2_09_r1 rc=0
done armB0_noKL_s2_09_r2 rc=0
done armB0_noKL_s3_09_r1 rc=0
done armB0_noKL_s3_09_r2 rc=0
done armB0_s1_09_r1 rc=0
done armB0_s1_09_r2 rc=0
done armB0_s2_09_r1 rc=0
done armB0_s2_09_r2 rc=0
done armB0_s3_09_r1 rc=0
done armB0_s3_09_r2 rc=0
done armRprime_noKL_s1_09_r1 rc=0
done armRprime_noKL_s1_09_r2 rc=0
done ZS_09_r1 rc=0
done ZS_09_r2 rc=0
[2026-09-26 15:42:38] 4/4 report
loaded 16 (arm, seq) groups, 32 runs

================================================================================
MAIN TABLE -- out-of-frustum mIoU-9, mean±sd over seeds and passes
              | seq 07 (design-seen) | seq 09 (clean)  
arm           | offline map      | offline map     
ZS            |  64.96±0.11  71.07±0.16 |  60.99±0.11  67.25±0.07
B0            |  71.50±0.92  77.51±1.87 |  68.31±0.82  74.12±0.89
B0_noKL       |  50.64±6.90  55.53±7.96 |  54.15±3.04  60.96±3.74
Rprime_noKL   |  85.37±0.13  86.12±0.07 |  83.57±0.12  83.86±0.08

================================================================================
1. DECISION CONTAMINATION (difference-in-differences vs the zero-shot arm)
  scene difficulty (ZS, untuned):      seq07  64.96  seq09  60.99   gap +3.97
  B0           raw gap  +3.19   minus scene difficulty  ->  contamination  -0.78
  B0_noKL      raw gap  -3.51   minus scene difficulty  ->  contamination  -7.48
  Rprime_noKL  raw gap  +1.80   minus scene difficulty  ->  contamination  -2.17

  ASSUMPTION, stated not hidden: that the two scenes are equally hard for a
  tuned arm as for an untuned one.  If a tuned arm is differentially better at
  seq 07's particular scene content, some of that lands here as contamination.

================================================================================
2. WHAT THE ANTI-FORGETTING KL ANCHOR COST (B0 vs B0_noKL, one factor apart)
  seq07 per-point  with KL  71.50   without  50.64   cost of the anchor +20.86
  seq07 map        with KL  77.51   without  55.53   cost of the anchor +21.98
  seq09 per-point  with KL  68.31   without  54.15   cost of the anchor +14.15
  seq09 map        with KL  74.12   without  60.96   cost of the anchor +13.16

================================================================================
3. SEED SPREAD vs FORWARD-PASS NOISE (does running 3 seeds buy anything?)
  B0           seq07  between-seed 0.913   within-seed(pass) 0.064   -> seed spread is real
  B0           seq09  between-seed 0.820   within-seed(pass) 0.037   -> seed spread is real
  B0_noKL      seq07  between-seed 6.900   within-seed(pass) 0.131   -> seed spread is real
  B0_noKL      seq09  between-seed 3.037   within-seed(pass) 0.113   -> seed spread is real

================================================================================
4. DO v0.5's STRUCTURAL FINDINGS SURVIVE ON seq 09?
  -- seq 07 --
     (a) ZS           offline  64.96 -> map  71.07   map WINS
     (a) B0           offline  71.50 -> map  77.51   map WINS
     (a) B0_noKL      offline  50.64 -> map  55.53   map WINS
     (a) Rprime_noKL  offline  85.37 -> map  86.12   map WINS
     (b) gain SHRINKS as the classifier strengthens (weakest B0_noKL: +4.89  ->  strongest Rprime_noKL: +0.75)
     (c) Rprime road      offline  97.29 -> map  96.03   LOSES (v0.5 reproduces)
     (c) Rprime sidewalk  offline  93.97 -> map  91.23   LOSES (v0.5 reproduces)
  -- seq 09 --
     (a) ZS           offline  60.99 -> map  67.25   map WINS
     (a) B0           offline  68.31 -> map  74.12   map WINS
     (a) B0_noKL      offline  54.15 -> map  60.96   map WINS
     (a) Rprime_noKL  offline  83.57 -> map  83.86   map WINS
     (b) gain SHRINKS as the classifier strengthens (weakest B0_noKL: +6.81  ->  strongest Rprime_noKL: +0.29)
     (c) Rprime road      offline  92.80 -> map  93.00   does not lose
     (c) Rprime sidewalk  offline  85.79 -> map  85.59   LOSES (v0.5 reproduces)

  (c) is the finding this baseline was built to produce.  If it does not reproduce
  on seq 09, it was a seq-07 artefact and must not be claimed.

================================================================================
5. VOXEL-WEIGHTED MAP READINGS, out-of-frustum (each map cell counts once)
              | seq 07                     | seq 09                    
arm           | vox-mIoU sp-oracle wrong%  | vox-mIoU sp-oracle wrong% 
ZS            |    64.47     79.02   12.74 |    55.26     71.60   16.91
B0            |    70.29     83.00   11.43 |    61.94     78.34   15.28
B0_noKL       |    52.44     70.48   34.14 |    49.27     70.80   28.17
Rprime_noKL   |    79.58     89.63    6.63 |    78.76     89.22    8.29

  map vs per-scan with each cell weight 1 spread over its points (same points, same GT):
     seq07 ZS           per-scan 61.49 -> map 63.84   map WINS
     seq07 B0           per-scan 67.02 -> map 69.47   map WINS
     seq07 B0_noKL      per-scan 50.16 -> map 51.73   map WINS
     seq07 Rprime_noKL  per-scan 78.59 -> map 78.34   map LOSES
     seq09 ZS           per-scan 52.51 -> map 54.90   map WINS
     seq09 B0           per-scan 58.49 -> map 61.44   map WINS
     seq09 B0_noKL      per-scan 45.81 -> map 48.90   map WINS
     seq09 Rprime_noKL  per-scan 77.09 -> map 77.98   map WINS
[2026-09-26 15:42:38] v0.6 scoring done
[2026-09-26 18:37:13] rescore_s2: start, unit shell pid 384722: oom_score_adj=-900, inherited by every child
[2026-09-26 18:37:13] rescore_s2:     scoring code identical to the 2026-09-26 13:32:03 scoring run (19 files sha256-pinned; no Pointcept models/*.py newer)
[2026-09-26 18:37:13] rescore_s2: 0/5 waiting for RERUN_DONE in out/v06_train/queue.log (unit livo_v06_rerun_s2; 5-min polls, 12 h cap); GPU untouched until then
[2026-09-26 22:57:13] rescore_s2: 0/5 RERUN_DONE present (waited 260 min)
[2026-09-26 22:57:13] rescore_s2:     scoring code identical to the 2026-09-26 13:32:03 scoring run (19 files sha256-pinned; no Pointcept models/*.py newer)
[2026-09-26 22:57:13] rescore_s2:     queue.log: rerun started 2026-09-26 16:50:27 (line 24); status line 25: [2026-09-26 22:55:32] rerun armB0_noKL_s2_clean  OK   365 min  Best mIoU: 0.5190; last RERUN_DONE line 26
[2026-09-26 22:57:13] rescore_s2:     exp/sk2/armB0_noKL_s2_clean/model/model_best.pth present; out/v06_train/armB0_noKL_s2_clean.log: 'No weight found at: None', no 'Missing keys' (from scratch, T1 signature absent)
[2026-09-26 22:57:13] rescore_s2: 1/5 archiving the resumed-defective seed -> out/v06_score/archive_s2_resumed_defective
[2026-09-26 22:57:15] rescore_s2:     moved 4 caches, 4 map JSONs, the extraction report, the student, REPORT.txt and 9 logs; README.txt + MANIFEST.txt written
[2026-09-26 22:57:15] rescore_s2: 2/5 extracting the clean student: exp/sk2/armB0_noKL_s2_clean/model/model_best.pth -> weights/v06/armB0_noKL_s2_student.pth (tag armB0_noKL_s2)
[2026-09-26 22:57:15] rescore_s2:     GPU now: 15 MiB, 24564 MiB; compute apps: 
[2026-09-26 22:58:37] rescore_s2: 3/5 caching predictions (GPU, serial)
[2026-09-26 23:00:52] rescore_s2:     armB0_noKL_s2_07_r1 cached (1101 frames)
[2026-09-26 23:03:00] rescore_s2:     armB0_noKL_s2_07_r2 cached (1101 frames)
[2026-09-26 23:05:39] rescore_s2:     armB0_noKL_s2_09_r1 cached (1591 frames)
[2026-09-26 23:08:35] rescore_s2:     armB0_noKL_s2_09_r2 cached (1591 frames)
[2026-09-26 23:08:35] rescore_s2: 4/5 map-level replay (CPU, 2-way)
done armB0_noKL_s2_07_r2 rc=0
done armB0_noKL_s2_07_r1 rc=0
done armB0_noKL_s2_09_r2 rc=0
done armB0_noKL_s2_09_r1 rc=0
[2026-09-26 23:15:40] rescore_s2: 5/5 checking the new artefacts against the archived ones, then the report
[2026-09-26 23:15:40] rescore_s2: REPORT.txt regenerated with the CLEAN seed 2 of B0_noKL (exp/sk2/armB0_noKL_s2_clean/model/model_best.pth, sha256 93fed75f61a9ce7a; provenance out/v06_score/armB0_noKL_s2_SOURCE.txt; defective seed in out/v06_score/archive_s2_resumed_defective): loaded 16 (arm, seq) groups, 32 runs | B0_noKL row: B0_noKL | 45.32±0.64 49.14±1.10 | 52.10±1.33 58.44±1.16
RESCORE_DONE
